 Inject

 Timestamp is 5d8b3187 (Wed Sep 25 12:21:11 2019)

 Preferred load address is 0000000140000000

 Start         Length     Name                   Class
 0001:00000000 00000d40H .text$mn                CODE
 0001:00000d40 000000f0H .text$mn$21             CODE
 0001:00000e30 000000c4H .text$s                 CODE
 0002:00000000 000000f0H .idata$5                DATA
 0002:000000f0 00000038H .rdata                  DATA
 0002:00000128 00000108H .rdata$zzzdbg           DATA
 0002:00000230 000001a4H .xdata                  DATA
 0003:00000000 00000020H .data                   DATA
 0003:00000020 00000438H .bss                    DATA
 0004:00000000 000000e4H .pdata                  DATA
 0005:00000000 00000028H .idata$2                DATA
 0005:00000028 00000018H .idata$3                DATA
 0005:00000040 000000f0H .idata$4                DATA
 0005:00000130 00000236H .idata$6                DATA

  Address         Publics by Value              Rva+Base               Lib:Object

 0000:00000000       __guard_longjmp_table      0000000000000000     <absolute>
 0000:00000000       __dynamic_value_reloc_table 0000000000000000     <absolute>
 0000:00000000       __hybrid_code_map_count    0000000000000000     <absolute>
 0000:00000000       __hybrid_auxiliary_iat     0000000000000000     <absolute>
 0000:00000000       __guard_longjmp_count      0000000000000000     <absolute>
 0000:00000000       __guard_iat_table          0000000000000000     <absolute>
 0000:00000000       ___safe_se_handler_count   0000000000000000     <absolute>
 0000:00000000       __hybrid_code_map          0000000000000000     <absolute>
 0000:00000000       __guard_iat_count          0000000000000000     <absolute>
 0000:00000000       __guard_fids_count         0000000000000000     <absolute>
 0000:00000000       __guard_fids_table         0000000000000000     <absolute>
 0000:00000000       __enclave_config           0000000000000000     <absolute>
 0000:00000000       __volatile_metadata        0000000000000000     <absolute>
 0000:00000000       __guard_flags              0000000000000000     <absolute>
 0000:00000000       ___safe_se_handler_table   0000000000000000     <absolute>
 0000:00000000       __ImageBase                0000000140000000     <linker-defined>
 0001:00000000       closesocket                0000000140001000 f   berkeley.obj
 0001:000000e0       KspAsyncContextCompletionRoutine 00000001400010e0 f   ksocket.obj
 0001:00000100       KsCreateSocket             0000000140001100 f   ksocket.obj
 0001:00000230       KsSendRecv                 0000000140001230 f   ksocket.obj
 0001:00000360       ?CleanUnloadedDrivers@@YAEXZ 0000000140001360 f   main.obj
 0001:00000510       ?clean_piddb_cache@@YAXXZ  0000000140001510 f   main.obj
 0001:00000730       DriverEntry                0000000140001730 f   main.obj
 0001:000009c0       ?server_thread@@YAXPEAX@Z  00000001400019c0 f   server.obj
 0001:00000cf1       __C_specific_handler       0000000140001cf1 f   ntoskrnl:ntoskrnl.exe
 0001:00000d00       strcmp                     0000000140001d00 f   ntoskrnl:ntoskrnl.exe
 0001:00000d40       memset                     0000000140001d40 f   ntoskrnl:memset.obj
 0001:00000e30       ??_C@_0CC@DEJEICHL@?2SystemRoot?2system32?2ntoskrnl?4e@FNODOBFM@ 0000000140001e30     main.obj
 0001:00000e60       ??_C@_0P@EFCCFGKI@xx?$DP?$DP?$DP?$DP?$DPxxxxx?$DPx@FNODOBFM@ 0000000140001e60     main.obj
 0001:00000e70       ??_C@_0P@JIBKLKFL@L?$IL?$AA?$AA?$AA?$AA?$AAL?$IL?IM?$IF?$AAt@FNODOBFM@ 0000000140001e70     main.obj
 0001:00000e80       ??_C@_0BC@GGMFPPBL@xxx?$DP?$DP?$DP?$DPxxx?$DP?$DP?$DP?$DPxxx@FNODOBFM@ 0000000140001e80     main.obj
 0001:00000ea0       ??_C@_0BC@LCGEEDHA@H?$IN?$AN?$AA?$AA?$AA?$AAL?$IJ5?$AA?$AA?$AA?$AAI?$IL?i@FNODOBFM@ 0000000140001ea0     main.obj
 0001:00000ec0       ??_C@_0CA@MAGIKHML@Failed?5to?5find?5PiddbCachetable?$CB@FNODOBFM@ 0000000140001ec0     main.obj
 0001:00000ee0       ??_C@_1BE@MNFNHFL@?$AA3?$AA2?$AA4?$AA6?$AA1?$AA?4?$AAs?$AAy?$AAs@FNODOBFM@ 0000000140001ee0     main.obj
 0002:00000000       __imp_WskCaptureProviderNPI 0000000140002000     Netio:NETIO.SYS
 0002:00000008       __imp_WskReleaseProviderNPI 0000000140002008     Netio:NETIO.SYS
 0002:00000010       __imp_WskDeregister        0000000140002010     Netio:NETIO.SYS
 0002:00000018       __imp_WskRegister          0000000140002018     Netio:NETIO.SYS
 0002:00000020       \177NETIO_NULL_THUNK_DATA  0000000140002020     Netio:NETIO.SYS
 0002:00000028       __imp_ExAllocatePoolWithTag 0000000140002028     ntoskrnl:ntoskrnl.exe
 0002:00000030       __imp_ExFreePoolWithTag    0000000140002030     ntoskrnl:ntoskrnl.exe
 0002:00000038       __imp___C_specific_handler 0000000140002038     ntoskrnl:ntoskrnl.exe
 0002:00000040       __imp_MmUnlockPages        0000000140002040     ntoskrnl:ntoskrnl.exe
 0002:00000048       __imp_MmProbeAndLockPages  0000000140002048     ntoskrnl:ntoskrnl.exe
 0002:00000050       __imp_IoFreeIrp            0000000140002050     ntoskrnl:ntoskrnl.exe
 0002:00000058       __imp_IoAllocateMdl        0000000140002058     ntoskrnl:ntoskrnl.exe
 0002:00000060       __imp_KeSetEvent           0000000140002060     ntoskrnl:ntoskrnl.exe
 0002:00000068       __imp_IoFreeMdl            0000000140002068     ntoskrnl:ntoskrnl.exe
 0002:00000070       __imp_IoAllocateIrp        0000000140002070     ntoskrnl:ntoskrnl.exe
 0002:00000078       __imp_IoReuseIrp           0000000140002078     ntoskrnl:ntoskrnl.exe
 0002:00000080       __imp_KeInitializeEvent    0000000140002080     ntoskrnl:ntoskrnl.exe
 0002:00000088       __imp_KeWaitForSingleObject 0000000140002088     ntoskrnl:ntoskrnl.exe
 0002:00000090       __imp_KeResetEvent         0000000140002090     ntoskrnl:ntoskrnl.exe
 0002:00000098       __imp_MmIsAddressValid     0000000140002098     ntoskrnl:ntoskrnl.exe
 0002:000000a0       __imp_ZwQuerySystemInformation 00000001400020a0     ntoskrnl:ntoskrnl.exe
 0002:000000a8       __imp_PsCreateSystemThread 00000001400020a8     ntoskrnl:ntoskrnl.exe
 0002:000000b0       __imp_DbgPrint             00000001400020b0     ntoskrnl:ntoskrnl.exe
 0002:000000b8       __imp_ZwClose              00000001400020b8     ntoskrnl:ntoskrnl.exe
 0002:000000c0       __imp_ObfDereferenceObject 00000001400020c0     ntoskrnl:ntoskrnl.exe
 0002:000000c8       __imp_MmCopyVirtualMemory  00000001400020c8     ntoskrnl:ntoskrnl.exe
 0002:000000d0       __imp_PsLookupProcessByProcessId 00000001400020d0     ntoskrnl:ntoskrnl.exe
 0002:000000d8       __imp_PsGetProcessSectionBaseAddress 00000001400020d8     ntoskrnl:ntoskrnl.exe
 0002:000000e0       __imp_strcmp               00000001400020e0     ntoskrnl:ntoskrnl.exe
 0002:000000e8       \177ntoskrnl_NULL_THUNK_DATA 00000001400020e8     ntoskrnl:ntoskrnl.exe
 0003:00000000       WskDispatch                0000000140003000     ksocket.obj
 0003:00000020       KsIndex                    0000000140003020     berkeley.obj
 0003:00000030       KsArray                    0000000140003030     berkeley.obj
 0003:00000430       WskProvider                0000000140003430     <common>
 0003:00000440       WskRegistration            0000000140003440     <common>
 0005:00000000       __IMPORT_DESCRIPTOR_NETIO  0000000140005000     Netio:NETIO.SYS
 0005:00000014       __IMPORT_DESCRIPTOR_ntoskrnl 0000000140005014     ntoskrnl:ntoskrnl.exe
 0005:00000028       __NULL_IMPORT_DESCRIPTOR   0000000140005028     Netio:NETIO.SYS

 entry point at        0001:00000730

 Static symbols

 0001:000007a0       ?connection_thread@@YAXPEAX@Z 00000001400017a0 f   server.obj
 0001:00000d40       $$000000                   0000000140001d40     ntoskrnl:memset.obj
 0002:00000230       $unwind$closesocket        0000000140002230     berkeley.obj
 0002:00000248       $unwind$KspAsyncContextCompletionRoutine 0000000140002248     ksocket.obj
 0002:00000254       $unwind$KsCreateSocket     0000000140002254     ksocket.obj
 0002:00000268       $chain$0$KsCreateSocket    0000000140002268     ksocket.obj
 0002:0000027c       $chain$1$KsCreateSocket    000000014000227c     ksocket.obj
 0002:00000290       $unwind$KsSendRecv         0000000140002290     ksocket.obj
 0002:000002c0       $unwind$?CleanUnloadedDrivers@@YAEXZ 00000001400022c0     main.obj
 0002:000002d4       $chain$0$?CleanUnloadedDrivers@@YAEXZ 00000001400022d4     main.obj
 0002:000002e8       $chain$1$?CleanUnloadedDrivers@@YAEXZ 00000001400022e8     main.obj
 0002:000002fc       $unwind$?clean_piddb_cache@@YAXXZ 00000001400022fc     main.obj
 0002:00000318       $unwind$DriverEntry        0000000140002318     main.obj
 0002:00000324       $unwind$?connection_thread@@YAXPEAX@Z 0000000140002324     server.obj
 0002:00000334       $chain$1$?connection_thread@@YAXPEAX@Z 0000000140002334     server.obj
 0002:0000034c       $chain$2$?connection_thread@@YAXPEAX@Z 000000014000234c     server.obj
 0002:00000360       $unwind$?server_thread@@YAXPEAX@Z 0000000140002360     server.obj
 0002:00000368       $chain$5$?server_thread@@YAXPEAX@Z 0000000140002368     server.obj
 0002:00000390       $chain$6$?server_thread@@YAXPEAX@Z 0000000140002390     server.obj
 0002:000003a4       $chain$8$?server_thread@@YAXPEAX@Z 00000001400023a4     server.obj
 0002:000003d0       $xdatasym                  00000001400023d0     ntoskrnl:memset.obj
 0004:00000000       $pdata$closesocket         0000000140004000     berkeley.obj
 0004:0000000c       $pdata$KspAsyncContextCompletionRoutine 000000014000400c     ksocket.obj
 0004:00000018       $pdata$KsCreateSocket      0000000140004018     ksocket.obj
 0004:00000024       $pdata$0$KsCreateSocket    0000000140004024     ksocket.obj
 0004:00000030       $pdata$1$KsCreateSocket    0000000140004030     ksocket.obj
 0004:0000003c       $pdata$KsSendRecv          000000014000403c     ksocket.obj
 0004:00000048       $pdata$?CleanUnloadedDrivers@@YAEXZ 0000000140004048     main.obj
 0004:00000054       $pdata$0$?CleanUnloadedDrivers@@YAEXZ 0000000140004054     main.obj
 0004:00000060       $pdata$1$?CleanUnloadedDrivers@@YAEXZ 0000000140004060     main.obj
 0004:0000006c       $pdata$?clean_piddb_cache@@YAXXZ 000000014000406c     main.obj
 0004:00000078       $pdata$DriverEntry         0000000140004078     main.obj
 0004:00000084       $pdata$?connection_thread@@YAXPEAX@Z 0000000140004084     server.obj
 0004:00000090       $pdata$1$?connection_thread@@YAXPEAX@Z 0000000140004090     server.obj
 0004:0000009c       $pdata$2$?connection_thread@@YAXPEAX@Z 000000014000409c     server.obj
 0004:000000a8       $pdata$?server_thread@@YAXPEAX@Z 00000001400040a8     server.obj
 0004:000000b4       $pdata$5$?server_thread@@YAXPEAX@Z 00000001400040b4     server.obj
 0004:000000c0       $pdata$6$?server_thread@@YAXPEAX@Z 00000001400040c0     server.obj
 0004:000000cc       $pdata$8$?server_thread@@YAXPEAX@Z 00000001400040cc     server.obj
 0005:0000017e       .idata$6                   000000014000517e     Netio:NETIO.SYS
 0005:0000034e       .idata$6                   000000014000534e     ntoskrnl:ntoskrnl.exe

 Exports

  ordinal    name

